MallardDuck is swimming
duck is flying
quack quack quack
duck cannot fly
squeak squeak squeak
(silent)