MallardDuck is swimming
RedheadDuck is swimming
RubberDuck is swimming
DecoyDuck is swimming
duck is flying
duck is flying
duck cannot fly
duck cannot fly
quack quack quack
quack quack quack
squeak squeak squeak
(silent)